test_artifact_root_drift (__main__.Fixtures.test_artifact_root_drift) ... ok
test_authoring_provenance (__main__.Fixtures.test_authoring_provenance) ... ok
test_bad_cli_argument (__main__.Fixtures.test_bad_cli_argument) ... ok
test_bad_frontmatter (__main__.Fixtures.test_bad_frontmatter) ... ok
test_bad_metadata (__main__.Fixtures.test_bad_metadata) ... ok
test_bare_path (__main__.Fixtures.test_bare_path) ... ok
test_case_duplicate_field (__main__.Fixtures.test_case_duplicate_field) ... ok
test_case_expected_field_leak (__main__.Fixtures.test_case_expected_field_leak) ... ok
test_case_nested_metadata_leak (__main__.Fixtures.test_case_nested_metadata_leak) ... ok
test_condition_owner_field_missing (__main__.Fixtures.test_condition_owner_field_missing) ... ok
test_crlf (__main__.Fixtures.test_crlf) ... ok
test_default_prompt_wrong_field (__main__.Fixtures.test_default_prompt_wrong_field) ... ok
test_dimension_duplication (__main__.Fixtures.test_dimension_duplication) ... ok
test_dimension_name_drift (__main__.Fixtures.test_dimension_name_drift) ... ok
test_duplicate_owner (__main__.Fixtures.test_duplicate_owner) ... ok
test_duplicate_skill (__main__.Fixtures.test_duplicate_skill) ... ok
test_duplicate_version (__main__.Fixtures.test_duplicate_version) ... ok
test_eager_schema (__main__.Fixtures.test_eager_schema) ... ok
test_empty_manifest_key (__main__.Fixtures.test_empty_manifest_key) ... ok
test_entry_read_budget (__main__.Fixtures.test_entry_read_budget) ... ok
test_enum_drift (__main__.Fixtures.test_enum_drift) ... ok
test_evaluation_heading_version (__main__.Fixtures.test_evaluation_heading_version) ... ok
test_external_runtime_dependency (__main__.Fixtures.test_external_runtime_dependency) ... ok
test_implicit_core (__main__.Fixtures.test_implicit_core) ... ok
test_invalid_utf8 (__main__.Fixtures.test_invalid_utf8) ... ok
test_inventory_duplicate (__main__.Fixtures.test_inventory_duplicate) ... ok
test_japanese_temp_legacy_stdio (__main__.Fixtures.test_japanese_temp_legacy_stdio) ... ok
test_judgment_case_hint (__main__.Fixtures.test_judgment_case_hint) ... ok
test_leading_zero_version (__main__.Fixtures.test_leading_zero_version) ... ok
test_link_outside (__main__.Fixtures.test_link_outside) ... skipped 'Native link creation unavailable'
test_maintenance_payload (__main__.Fixtures.test_maintenance_payload) ... ok
test_maintenance_reference (__main__.Fixtures.test_maintenance_reference) ... ok
test_manifest_owner_whitespace (__main__.Fixtures.test_manifest_owner_whitespace) ... ok
test_manifest_traversal (__main__.Fixtures.test_manifest_traversal) ... ok
test_markdown_absolute_path (__main__.Fixtures.test_markdown_absolute_path) ... ok
test_markdown_bare_path (__main__.Fixtures.test_markdown_bare_path) ... ok
test_markdown_code_is_not_a_link (__main__.Fixtures.test_markdown_code_is_not_a_link) ... ok
test_markdown_container_definitions (__main__.Fixtures.test_markdown_container_definitions) ... ok
test_markdown_container_reference_reachability (__main__.Fixtures.test_markdown_container_reference_reachability) ... ok
test_markdown_explicit_code_path_still_checked (__main__.Fixtures.test_markdown_explicit_code_path_still_checked) ... ok
test_markdown_links_survive_code_filtering (__main__.Fixtures.test_markdown_links_survive_code_filtering) ... ok
test_markdown_missing_reference (__main__.Fixtures.test_markdown_missing_reference) ... ok
test_markdown_multiline_definitions (__main__.Fixtures.test_markdown_multiline_definitions) ... ok
test_markdown_path_traversal (__main__.Fixtures.test_markdown_path_traversal) ... ok
test_markdown_reference_definition_missing (__main__.Fixtures.test_markdown_reference_definition_missing) ... ok
test_markdown_reference_formats (__main__.Fixtures.test_markdown_reference_formats) ... ok
test_markdown_reference_reachability (__main__.Fixtures.test_markdown_reference_reachability) ... ok
test_missing_contents (__main__.Fixtures.test_missing_contents) ... ok
test_missing_heading (__main__.Fixtures.test_missing_heading) ... ok
test_missing_inventory (__main__.Fixtures.test_missing_inventory) ... ok
test_missing_manifest (__main__.Fixtures.test_missing_manifest) ... ok
test_missing_reference (__main__.Fixtures.test_missing_reference) ... ok
test_missing_root (__main__.Fixtures.test_missing_root) ... ok
test_missing_skill (__main__.Fixtures.test_missing_skill) ... ok
test_model_name (__main__.Fixtures.test_model_name) ... ok
test_no_final_newline (__main__.Fixtures.test_no_final_newline) ... ok
test_oracle_markdown_drift (__main__.Fixtures.test_oracle_markdown_drift) ... ok
test_oracle_unknown_route (__main__.Fixtures.test_oracle_unknown_route) ... ok
test_path_traversal (__main__.Fixtures.test_path_traversal) ... ok
test_payload_digest (__main__.Fixtures.test_payload_digest) ... ok
test_person_name (__main__.Fixtures.test_person_name) ... ok
test_platform_schema_field_missing (__main__.Fixtures.test_platform_schema_field_missing) ... ok
test_positive (__main__.Fixtures.test_positive) ... ok
test_prerelease_not_supported (__main__.Fixtures.test_prerelease_not_supported) ... ok
test_registry_invalid_json (__main__.Fixtures.test_registry_invalid_json) ... ok
test_registry_invocation_drift (__main__.Fixtures.test_registry_invocation_drift) ... ok
test_registry_mode_drift (__main__.Fixtures.test_registry_mode_drift) ... ok
test_render_oracle_missing_source (__main__.Fixtures.test_render_oracle_missing_source) ... ok
test_render_oracle_reproducible (__main__.Fixtures.test_render_oracle_reproducible) ... ok
test_repository_runtime_dependency (__main__.Fixtures.test_repository_runtime_dependency) ... ok
test_shared_policy_routing (__main__.Fixtures.test_shared_policy_routing) ... ok
test_short_description (__main__.Fixtures.test_short_description) ... ok
test_stale_file (__main__.Fixtures.test_stale_file) ... ok
test_subject_verdict_drift (__main__.Fixtures.test_subject_verdict_drift) ... ok
test_trailing_space (__main__.Fixtures.test_trailing_space) ... ok
test_unicode_description_limit (__main__.Fixtures.test_unicode_description_limit) ... ok
test_unlisted_mino_skill (__main__.Fixtures.test_unlisted_mino_skill) ... ok
test_unrelated_skill_ignored (__main__.Fixtures.test_unrelated_skill_ignored) ... ok
test_utf8_bom (__main__.Fixtures.test_utf8_bom) ... ok
test_wrong_skill_name (__main__.Fixtures.test_wrong_skill_name) ... ok

----------------------------------------------------------------------
Ran 80 tests in 54.189s

OK (skipped=1)
Fixture summary: total=80; failures=0; errors=0; skipped=1
